// Jest Snapshot v1, https://goo.gl/fbAQLP

exports[`match snapshot 1`] = `
Object {
  "Resources": Object {
    "DashCCD7F836": Object {
      "Properties": Object {
        "DashboardBody": Object {
          "Fn::Join": Array [
            "",
            Array [
              "{\\"widgets\\":[{\\"type\\":\\"text\\",\\"width\\":24,\\"height\\":1,\\"x\\":0,\\"y\\":0,\\"properties\\":{\\"markdown\\":\\"# K6\\"}},{\\"type\\":\\"metric\\",\\"width\\":24,\\"height\\":6,\\"x\\":0,\\"y\\":1,\\"properties\\":{\\"view\\":\\"timeSeries\\",\\"title\\":\\"Virtual users\\",\\"region\\":\\"",
              Object {
                "Ref": "AWS::Region",
              },
              "\\",\\"stacked\\":true,\\"metrics\\":[[\\"k6\\",\\"k6_vus\\",\\"metric_type\\",\\"gauge\\",{\\"label\\":\\"Virtual users\\",\\"period\\":1}]],\\"yAxis\\":{},\\"liveData\\":true}},{\\"type\\":\\"metric\\",\\"width\\":24,\\"height\\":6,\\"x\\":0,\\"y\\":7,\\"properties\\":{\\"view\\":\\"timeSeries\\",\\"title\\":\\"Average response time\\",\\"region\\":\\"",
              Object {
                "Ref": "AWS::Region",
              },
              "\\",\\"stacked\\":true,\\"metrics\\":[[\\"k6\\",\\"k6_http_req_sending\\",\\"metric_type\\",\\"timing\\",{\\"label\\":\\"Sending\\",\\"period\\":1}],[\\"k6\\",\\"k6_http_req_receiving\\",\\"metric_type\\",\\"timing\\",{\\"label\\":\\"Receiving\\",\\"period\\":1}],[\\"k6\\",\\"k6_http_req_handshaking\\",\\"metric_type\\",\\"timing\\",{\\"label\\":\\"Handshaking\\",\\"period\\":1}],[\\"k6\\",\\"k6_http_req_connecting\\",\\"metric_type\\",\\"timing\\",{\\"label\\":\\"Connecting\\",\\"period\\":1}],[\\"k6\\",\\"k6_http_req_waiting\\",\\"metric_type\\",\\"timing\\",{\\"label\\":\\"Waiting\\",\\"period\\":1}],[\\"k6\\",\\"k6_http_req_blocked\\",\\"metric_type\\",\\"timing\\",{\\"label\\":\\"Blocked\\",\\"period\\":1}]],\\"yAxis\\":{},\\"liveData\\":true}}]}",
            ],
          ],
        },
        "DashboardName": "k6-aws-cloudwatch-cdk",
      },
      "Type": "AWS::CloudWatch::Dashboard",
    },
  },
}
`;
